// Vitest Snapshot v1, https://vitest.dev/guide/snapshot.html

exports[`NewBoxForm > hasn't changed 1`] = `
<DocumentFragment>
  <form>
    <label
      for="color"
    >
      Color: 
    </label>
    <input
      id="color"
      name="color"
      placeholder="color"
      type="text"
      value=""
    />
    <label
      for="height"
    >
      Height: 
    </label>
    <input
      id="height"
      name="height"
      placeholder="height"
      type="number"
      value=""
    />
    <label
      for="width"
    >
      Width: 
    </label>
    <input
      id="width"
      name="width"
      placeholder="width"
      type="number"
      value=""
    />
    <button>
      Add!
    </button>
  </form>
</DocumentFragment>
`;

exports[`NewBoxForm > renders 1`] = `
<DocumentFragment>
  <form>
    <label
      for="color"
    >
      Color: 
    </label>
    <input
      id="color"
      name="color"
      placeholder="color"
      type="text"
      value=""
    />
    <label
      for="height"
    >
      Height: 
    </label>
    <input
      id="height"
      name="height"
      placeholder="height"
      type="number"
      value=""
    />
    <label
      for="width"
    >
      Width: 
    </label>
    <input
      id="width"
      name="width"
      placeholder="width"
      type="number"
      value=""
    />
    <button>
      Add!
    </button>
  </form>
</DocumentFragment>
`;
